// Jest Snapshot v1, https://goo.gl/fbAQLP

exports[`Pruebas en <NoteScreen/> Debe mostrarse correctamente 1`] = `
<div
  className="notes__mainContent"
>
  <div
    className="notes__appBar"
  >
    <span>
      28 de Agosto  de 2020
    </span>
    <input
      id="fileSelector"
      onChange={[Function]}
      style={
        Object {
          "display": "none",
        }
      }
      type="file"
    />
    <div>
      <button
        className="btn"
        onClick={[Function]}
      >
        Picture
      </button>
      <button
        className="btn"
        onClick={[Function]}
      >
        Save
      </button>
    </div>
  </div>
  <div
    className="notes__content"
  >
    <input
      autoComplete="off"
      className="notes__titleInput"
      name="title"
      onChange={[Function]}
      placeholder="Title"
      type="text"
      value="Hola"
    />
    <textarea
      className="notes__textarea"
      name="body"
      onChange={[Function]}
      placeholder="What happened today?"
      value="mundo"
    />
  </div>
  <button
    className="btn btn-danger"
    onClick={[Function]}
  >
    Delete
  </button>
</div>
`;
