// Jest Snapshot v1, https://goo.gl/fbAQLP

exports[`Pruebas en <SideBar/> Debe mostrarse correctamente 1`] = `
<aside
  className="journal__sideBar"
>
  <div
    className="journal__sideBar-navBar"
  >
    <h3
      className="marginTop-2"
    >
      <i
        className="far fa-moon"
      />
      <span>
         
        Jeisosn
      </span>
    </h3>
    <button
      className="btn"
      onClick={[Function]}
    >
      Logout
    </button>
  </div>
  <div
    className="journal__newEntry"
    onClick={[Function]}
  >
    <i
      className="far fa-calendar-plus fa-5x"
    />
    <p
      className="marginTop-2"
    >
      New Entry
    </p>
  </div>
  <div
    className="journal__entries"
  />
</aside>
`;
