// Jest Snapshot v1, https://goo.gl/fbAQLP

exports[`Pruebas en <RegisterScreen/> Debe mostrarse correctamente 1`] = `
<div>
  <h3
    className="auth__title"
  >
    Register
  </h3>
  <form
    className="animate__animated animate__fadeIn animate-faster"
    onSubmit={[Function]}
  >
    <input
      autoComplete="off"
      className="auth__input"
      name="name"
      onChange={[Function]}
      placeholder="Name"
      type="text"
      value="Jeisson"
    />
    <input
      autoComplete="off"
      className="auth__input"
      name="email"
      onChange={[Function]}
      placeholder="Email"
      type="text"
      value="jeiglz@gmail.com"
    />
    <input
      className="auth__input"
      name="password"
      onChange={[Function]}
      placeholder="Password"
      type="password"
      value="123456"
    />
    <input
      className="auth__input"
      name="password2"
      onChange={[Function]}
      placeholder="Confirm Password"
      type="password"
      value="123456"
    />
    <button
      className="btn btn-primary btn-block"
      type="submit"
    >
      Login
    </button>
    <div
      className="auth__social-networks"
    >
      <a
        className="link"
        href="/auth/login"
        onClick={[Function]}
      >
        Already registered?
      </a>
    </div>
  </form>
</div>
`;
